// Jest Snapshot v1, https://goo.gl/fbAQLP

exports[`ProjectContainer select alt snapshot should match the snapshot 1`] = `
<div
  className="ProjectContainer modal-div"
/>
`;

exports[`ProjectContainer should match the snapshot 1`] = `
<div
  className="ProjectContainer modal-div"
>
  <Connect(ProjectCard)
    key="ProjectCard0"
    palettes={Array []}
    project={
      Object {
        "name": "Project",
      }
    }
  />
</div>
`;
