// Jest Snapshot v1, https://goo.gl/fbAQLP

exports[`Nav should match the snapshot 1`] = `
<nav>
  <Link
    className="logo-link"
    to="/"
  >
    <h1
      className="header-logo"
    >
      <img
        alt="logo"
        className="logo"
        src="logo.svg"
      />
      <span
        className="header-span"
      >
        alette
      </span>
      <img
        alt="logo"
        className="logo"
        src="logo.svg"
      />
      <span>
        roducer
      </span>
    </h1>
  </Link>
  <div>
    <p
      className="display-username"
    >
      Welcome, 
      Gary
      !
    </p>
  </div>
  <button
    className="menu-button"
    onClick={[MockFunction]}
  >
    My palettes
  </button>
</nav>
`;
