// Jest Snapshot v1, https://goo.gl/fbAQLP

exports[`Alt snapshot should match the snapshot when the menu is active  1`] = `
<main
  className="App"
>
  <Route
    path="/(login|signup)"
    render={[Function]}
  />
  <Route
    exact={true}
    path="/"
    render={[Function]}
  />
</main>
`;

exports[`App should match the snapshot with all data passed in correctly 1`] = `
<main
  className="App"
>
  <Route
    path="/(login|signup)"
    render={[Function]}
  />
  <Route
    exact={true}
    path="/"
    render={[Function]}
  />
</main>
`;
