// Jest Snapshot v1, https://goo.gl/fbAQLP

exports[`SignupForm alt snapShot should match the snapshot if a user is logged in 1`] = `
<form
  onSubmit={[Function]}
>
  <p
    className="form-message"
  >
    Create an account to save your projects and the palettes you generate!
  </p>
  <div
    className="form-label-input-div"
  >
    <label
      htmlFor="username"
    >
      Username
    </label>
    <input
      className=""
      id="username"
      onChange={[Function]}
      placeholder="Enter your username"
      required={true}
      type="text"
      value=""
    />
  </div>
  <div
    className="form-label-input-div"
  >
    <label
      htmlFor="password"
    >
       Password
    </label>
    <input
      className=""
      id="password"
      minLength="8"
      onChange={[Function]}
      placeholder="Enter your password"
      required={true}
      type="password"
      value=""
    />
  </div>
  <div
    className="form-label-input-div"
  >
    <label
      htmlFor="confirmPassword"
    >
       Confirm your password
    </label>
    <input
      className=""
      id="confirmPassword"
      minLength="8"
      onChange={[Function]}
      placeholder="Re-enter your password"
      required={true}
      type="password"
      value=""
    />
  </div>
  <button
    type="submit"
  >
    Sign Up!
  </button>
</form>
`;

exports[`SignupForm should match the initial snapshot 1`] = `undefined`;
