// Jest Snapshot v1, https://goo.gl/fbAQLP

exports[`ProjectCard should match the snapshot 1`] = `
<div
  className="ProjectCard"
  name="Steve"
>
  <h3
    className="projectCard-header-name"
  >
    Steve
  </h3>
  <div
    className="add-palette-container"
    onClick={[Function]}
  >
    <IoIosAddCircleOutline
      className="add-palette-icon"
    />
  </div>
  <PaletteCard
    key="PaletteCard0"
    palette={
      Object {
        "color1": "#FFFFFF",
        "color2": "#FFFFFF",
        "color3": "#FFFFFF",
        "color4": "#FFFFFF",
        "color5": "#FFFFFF",
        "id": 2,
        "project_id": 2,
      }
    }
    project={
      Object {
        "id": 2,
        "name": "Steve",
      }
    }
    removePalette={[MockFunction]}
    select={[MockFunction]}
  />
  <button
    id={2}
    onClick={[MockFunction]}
    type="button"
  >
    X
  </button>
</div>
`;
